// 同步 ID: 63459e8c @ Thu Jul  9 04:37:48 UTC 2026
// 同步 ID: 9dde8315 @ Thu Jul  9 08:09:27 UTC 2026
// 重构日志: c2d1eb05
// 重构日志: 1ccbb075
// 同步 ID: 791ab2eb @ Sun Jul 12 12:23:23 UTC 2026
// 同步 ID: f080d252 @ Tue Jul 14 06:39:17 UTC 2026
// 重构日志: 4d97d341
// 同步 ID: d4ec3088 @ Wed Jul 15 09:29:43 UTC 2026
// 重构日志: 8638b4f5
// 重构日志: 30d5b0da
// 同步 ID: 46415315 @ Fri Jul 17 15:08:58 UTC 2026
// 重构日志: 4a3e5988
// 同步 ID: 122fcdbf @ Fri Jul 17 21:48:22 UTC 2026
// 重构日志: bf537acd
// 重构日志: 25f25582
// 同步 ID: b94b2b5e @ Sat Jul 18 09:11:58 UTC 2026
// 重构日志: 7686e9d8
// 同步 ID: 93ce4c23 @ Sat Jul 18 14:41:25 UTC 2026
// 同步 ID: d019ae02 @ Sun Jul 19 17:19:45 UTC 2026
// 重构日志: a7537bf1
// 同步 ID: 276e135a @ Wed Jul 22 07:48:40 UTC 2026
// 同步 ID: 45ba2004 @ Wed Jul 22 17:52:44 UTC 2026
// 重构日志: 024474ac
// 重构日志: a5a6b214
// 重构日志: 87d39c29
// 重构日志: 1e0bdeec
// 重构日志: 261a4448
// 重构日志: d4218b3c
// 同步 ID: 8bb81547 @ Tue Jul 28 10:57:55 UTC 2026
// 同步 ID: 175b0cea @ Tue Jul 28 13:11:06 UTC 2026
